
incoming:  SOF len:11 REQU API_ZW_APPLICATION_UPDATE:49 84 node:10 0b 04 20 01 30 31 80 84 70 85 72 86 chk:19
hex:  [1, 17, 0, 73, 132, 16, 11, 4, 32, 1, 48, 49, 128, 132, 112, 133, 114, 134, 25]

incoming:  SOF len:09 REQU API_APPLICATION_COMMAND_HANDLER:04 00 node:10 len:03 SensorMultilevel_SupportedReport:31 X:02 15 chk:c7
hex:  [1, 9, 0, 4, 0, 16, 3, 49, 2, 21, 199]

incoming:  SOF len:09 REQU API_APPLICATION_COMMAND_HANDLER:04 00 node:10 len:03 Association_GroupingsReport:85 X:06 01 chk:63
hex:  [1, 9, 0, 4, 0, 16, 3, 133, 6, 1, 99]

incoming:  SOF len:0d REQU API_APPLICATION_COMMAND_HANDLER:04 00 node:10 len:07 Version_Report:86 X:12 06 03 1c 01 12 chk:7f
hex:  [1, 13, 0, 4, 0, 16, 7, 134, 18, 6, 3, 28, 1, 18, 127]

incoming:  SOF len:0a REQU API_APPLICATION_COMMAND_HANDLER:04 00 node:10 len:04 Version_CommandClassReport:86 X:14 30 01 chk:46
hex:  [1, 10, 0, 4, 0, 16, 4, 134, 20, 48, 1, 70]

incoming:  SOF len:0a REQU API_APPLICATION_COMMAND_HANDLER:04 00 node:10 len:04 Version_CommandClassReport:86 X:14 31 05 chk:43
hex:  [1, 10, 0, 4, 0, 16, 4, 134, 20, 49, 5, 67]

incoming:  SOF len:0a REQU API_APPLICATION_COMMAND_HANDLER:04 00 node:10 len:04 Version_CommandClassReport:86 X:14 72 01 chk:04
hex:  [1, 10, 0, 4, 0, 16, 4, 134, 20, 114, 1, 4]

incoming:  SOF len:0a REQU API_APPLICATION_COMMAND_HANDLER:04 00 node:10 len:04 Version_CommandClassReport:86 X:14 84 02 chk:f1
hex:  [1, 10, 0, 4, 0, 16, 4, 134, 20, 132, 2, 241]

incoming:  SOF len:0a REQU API_APPLICATION_COMMAND_HANDLER:04 00 node:10 len:04 Version_CommandClassReport:86 X:14 85 01 chk:f3
hex:  [1, 10, 0, 4, 0, 16, 4, 134, 20, 133, 1, 243]

incoming:  SOF len:0a REQU API_APPLICATION_COMMAND_HANDLER:04 00 node:10 len:04 Version_CommandClassReport:86 X:14 86 01 chk:f0
hex:  [1, 10, 0, 4, 0, 16, 4, 134, 20, 134, 1, 240]

incoming:  SOF len:0a REQU API_APPLICATION_COMMAND_HANDLER:04 00 node:10 len:04 Version_CommandClassReport:86 X:14 70 01 chk:06
hex:  [1, 10, 0, 4, 0, 16, 4, 134, 20, 112, 1, 6]

incoming:  SOF len:0a REQU API_APPLICATION_COMMAND_HANDLER:04 00 node:10 len:04 Version_CommandClassReport:86 X:14 80 01 chk:f6
hex:  [1, 10, 0, 4, 0, 16, 4, 134, 20, 128, 1, 246]

incoming:  SOF len:0e REQU API_APPLICATION_COMMAND_HANDLER:04 00 node:10 len:08 ManufacturerSpecific_Report:72 X:05 00 86 00 02 00 05 chk:1b
hex:  [1, 14, 0, 4, 0, 16, 8, 114, 5, 0, 134, 0, 2, 0, 5, 27]

incoming:  SOF len:09 REQU API_APPLICATION_COMMAND_HANDLER:04 00 node:10 len:03 SensorBinary_Report:30 X:03 00 chk:d2
hex:  [1, 9, 0, 4, 0, 16, 3, 48, 3, 0, 210]

incoming:  SOF len:09 REQU API_APPLICATION_COMMAND_HANDLER:04 00 node:10 len:03 Battery_Report:80 X:03 64 chk:06
hex:  [1, 9, 0, 4, 0, 16, 3, 128, 3, 100, 6]

incoming:  SOF len:0c REQU API_APPLICATION_COMMAND_HANDLER:04 00 node:10 len:06 SensorMultilevel_Report:31 X:05 03 0a 00 01 chk:dd
hex:  [1, 12, 0, 4, 0, 16, 6, 49, 5, 3, 10, 0, 1, 221]

incoming:  SOF len:0c REQU API_APPLICATION_COMMAND_HANDLER:04 00 node:10 len:06 SensorMultilevel_Report:31 X:05 05 01 28 00 chk:f9
hex:  [1, 12, 0, 4, 0, 16, 6, 49, 5, 5, 1, 40, 0, 249]

incoming:  SOF len:0c REQU API_APPLICATION_COMMAND_HANDLER:04 00 node:10 len:06 SensorMultilevel_Report:31 X:05 01 36 01 02 chk:e1
hex:  [1, 12, 0, 4, 0, 16, 6, 49, 5, 1, 54, 1, 2, 225]

incoming:  SOF len:09 REQU API_APPLICATION_COMMAND_HANDLER:04 00 node:10 len:03 SensorBinary_Report:30 X:03 00 chk:d2
hex:  [1, 9, 0, 4, 0, 16, 3, 48, 3, 0, 210]

incoming:  SOF len:09 REQU API_APPLICATION_COMMAND_HANDLER:04 00 node:10 len:03 Battery_Report:80 X:03 64 chk:06
hex:  [1, 9, 0, 4, 0, 16, 3, 128, 3, 100, 6]

incoming:  SOF len:0c REQU API_APPLICATION_COMMAND_HANDLER:04 00 node:10 len:06 SensorMultilevel_Report:31 X:05 03 0a 00 01 chk:dd
hex:  [1, 12, 0, 4, 0, 16, 6, 49, 5, 3, 10, 0, 1, 221]

incoming:  SOF len:0c REQU API_APPLICATION_COMMAND_HANDLER:04 00 node:10 len:06 SensorMultilevel_Report:31 X:05 05 01 28 00 chk:f9
hex:  [1, 12, 0, 4, 0, 16, 6, 49, 5, 5, 1, 40, 0, 249]

incoming:  SOF len:0c REQU API_APPLICATION_COMMAND_HANDLER:04 00 node:10 len:06 SensorMultilevel_Report:31 X:05 01 3a 01 03 chk:ec
hex:  [1, 12, 0, 4, 0, 16, 6, 49, 5, 1, 58, 1, 3, 236]
NODE: 16  state: 3_Interviewed  last: 0 sec ago  protocol_version: 0  lib_type: 6  sdk_version: 3:28  app_version: 1:18  
device: 4:32:1  (Routing Binary Sensor)  product: 0086:0002:0005  
flags:        set()
  sensors supp.:['Temperature', 'Luminance', 'Relative Humidity']
  sensors:      ['100[Battery, level]', '1.0[Luminance, lux]', '40.0[Relative Humidity, %]', '0[SwitchBinary, level]', '25.9[Temperature, C]']
  values:       ['1[Association_Groupings]', '[134, 2, 5][ManufacturerSpecific]', '21[SensorMultilevel_Supported]', '[6, 3, 28, 1, 18][Version]']
  events:       {}
  associations: {}
  parameters:   []
  commands:     [('SensorBinary', 48, 1), ('SensorMultilevel', 49, 5), ('ManufacturerSpecific', 114, 1), ('WakeUp', 132, 2), ('Association', 133, 1), ('Version', 134, 1), ('Configuration', 112, 1), ('Battery', 128, 1)]
